// Jest Snapshot v1, https://goo.gl/fbAQLP

exports[`<EditProfilePres /> should match the snapshot 1`] = `"<form><div class=\\"card edit-profile-card\\"><div class=\\"card-body userProfile\\"><h1>Update Profile</h1><img class=\\"avatar updateProfileAvatarImage  edit-custom-img\\" src=\\"\\"/><div class=\\"\\"><label for=\\"formFileSm\\" class=\\"form-label\\">Change your profile picture</label><input type=\\"file\\" class=\\"updateProfileImage form-control form-control-sm\\" id=\\"formFileSm\\"/></div><div class=\\"mb-3\\"><label for=\\"exampleFormControlInput1\\" class=\\"form-label\\">Change Username</label><input type=\\"text\\" value=\\"\\" name=\\"username\\" class=\\"form-control\\" id=\\"exampleFormControlInput1\\" placeholder=\\"\\"/></div><div class=\\"mb-3\\"><label for=\\"exampleFormControlInput2\\" class=\\"form-label\\">Change Email</label><input type=\\"email\\" value=\\"\\" name=\\"email\\" class=\\"form-control\\" id=\\"exampleFormControlInput2\\" placeholder=\\"\\"/></div><div class=\\"mb-3\\"><label for=\\"exampleFormControlInput2\\" class=\\"form-label\\">Change Password</label><input type=\\"password\\" value=\\"\\" name=\\"password\\" class=\\"form-control\\" id=\\"exampleFormControlInput3\\" placeholder=\\"password\\"/></div><div class=\\"mb-3 profileSubmitButtonContainer\\"><button type=\\"submit\\" class=\\"btn btn-outline-light mb-3 updateProfileSubmitButton\\">Update Info</button></div><br/></div></div></form>"`;
