// Jest Snapshot v1, https://goo.gl/fbAQLP

exports[`<SignUpPres/> should match the snapshot 1`] = `"<div class=\\"container container-profile\\"><h3 class=\\"profileHeader\\">Profile</h3><div class=\\"row\\"><div class=\\"col-sm leftProfileColumn\\"><img class=\\"avatar\\" src=\\"\\" alt=\\"PFP\\" height=\\"100rem\\"/><hr class=\\"horizontalRule\\"/></div><div class=\\"col-sm rightProfileColumn\\"><span class=\\"profileUserName\\">Username: <br/><span class=\\"userProfileInfo\\"></span></span><br/>Email: <br/><span class=\\"userProfileInfo\\"> </span></div></div></div>"`;
