// Jest Snapshot v1, https://goo.gl/fbAQLP

exports[`<SignUpPres/> should match the snapshot 1`] = `"<form><div class=\\"d-flex justify-content-center\\"><div class=\\"card register-card registerCard\\"><div class=\\"card-header\\"><h3 class=\\"registerNewUserHeader\\">Register</h3></div><div class=\\"mb-3\\"><label for=\\"inputUsername1\\" class=\\"form-label  \\">Username</label><input type=\\"text\\" placeholder=\\"Username\\" value=\\"\\" class=\\"form-control form-control-lg\\" id=\\"input-username\\" name=\\"username\\" required=\\"\\"/></div><div class=\\"mb-3\\"><label for=\\"inputEmail1\\" class=\\"form-label\\">Email</label><input type=\\"email\\" placeholder=\\"Email\\" value=\\"\\" class=\\"form-control form-control-lg\\" id=\\"input-email\\" name=\\"email\\" required=\\"\\"/></div><div class=\\"mb-3\\" style=\\"color:red\\"></div><div class=\\"mb-3\\"><label for=\\"inputPassword1\\" class=\\"form-label\\">Password</label><input type=\\"password\\" placeholder=\\"Password\\" value=\\"\\" class=\\"form-control form-control-lg\\" id=\\"input-password\\" name=\\"password\\" required=\\"\\"/></div><div class=\\"mb-3\\"><label for=\\"inputConfirmPassword1\\" class=\\"form-label\\">Confirm Password</label><input type=\\"password\\" placeholder=\\"Confirm Password\\" value=\\"\\" class=\\"form-control form-control-lg\\" id=\\"input-confirm-password\\" name=\\"password2\\" required=\\"\\"/></div><br/><div class=\\"form-group\\"><label for=\\"profilePicture\\">Add a Profile Picture</label><input type=\\"file\\" class=\\"form-control-file\\" id=\\"exampleFormControlFile1\\" required=\\"\\"/></div><br/><button type=\\"submit\\" class=\\"btn btn-lg btn-outline-warning\\" id=\\"input-creds\\">Create Account</button></div></div></form>"`;
